../Src/main.cpp:7:17:static void GPIO::enable_clock()	4	static
../Src/main.cpp:12:17:static void GPIO::set_output(uint32_t)	16	static
../Src/main.cpp:18:17:static void GPIO::set(uint32_t)	16	static
../Src/main.cpp:23:17:static void GPIO::reset(uint32_t)	16	static
../Src/main.cpp:80:6:void delay()	16	static
../Src/main.cpp:85:5:int main()	16	static
../Src/main.cpp:57:20:void __tcf_0()	8	static
../Src/main.cpp:55:17:static LED<pin>& LED<pin>::instance() [with unsigned char pin = 12]	8	static,ignoring_inline_asm
../Src/main.cpp:57:20:void __tcf_1()	8	static
../Src/main.cpp:55:17:static LED<pin>& LED<pin>::instance() [with unsigned char pin = 14]	8	static,ignoring_inline_asm
../Src/main.cpp:61:10:void LED<pin>::led_on() [with unsigned char pin = 12]	16	static
../Src/main.cpp:61:10:void LED<pin>::led_on() [with unsigned char pin = 14]	16	static
../Src/main.cpp:66:10:void LED<pin>::led_off() [with unsigned char pin = 12]	16	static
../Src/main.cpp:66:10:void LED<pin>::led_off() [with unsigned char pin = 14]	16	static
../Src/main.cpp:41:5:LED<pin>::LED() [with unsigned char pin = 12]	16	static
../Src/main.cpp:46:5:LED<pin>::~LED() [with unsigned char pin = 12]	16	static
../Src/main.cpp:41:5:LED<pin>::LED() [with unsigned char pin = 14]	16	static
../Src/main.cpp:46:5:LED<pin>::~LED() [with unsigned char pin = 14]	16	static
