../Src/main.cpp:8:17:static void Delay::ms(int)	24	static
../Src/main.cpp:19:5:USART3_Driver::USART3_Driver()	16	static
../Src/main.cpp:43:27:static USART3_Driver& USART3_Driver::instance()	8	static,ignoring_inline_asm
../Src/main.cpp:49:10:void USART3_Driver::write(uint8_t)	16	static
../Src/main.cpp:71:5:ButtonController::ButtonController()	16	static
../Src/main.cpp:101:30:static ButtonController& ButtonController::instance()	8	static,ignoring_inline_asm
../Src/main.cpp:107:10:void ButtonController::process(USART3_Driver&)	24	static
../Src/main.cpp:167:5:int main()	16	static
