../Src/main.cpp:8:17:static void Delay::ms(int)	24	static
../Src/main.cpp:19:5:USART1_Driver::USART1_Driver()	16	static
../Src/main.cpp:42:27:static USART1_Driver& USART1_Driver::instance()	8	static,ignoring_inline_asm
../Src/main.cpp:48:13:uint8_t USART1_Driver::read()	16	static
../Src/main.cpp:62:5:LEDController::LEDController()	16	static
../Src/main.cpp:85:27:static LEDController& LEDController::instance()	8	static,ignoring_inline_asm
../Src/main.cpp:91:10:void LEDController::process(USART1_Driver&)	16	static
../Src/main.cpp:126:5:int main()	16	static
