../Src/main.cpp:8:6:void delay_ms(uint32_t)	24	static
../Src/main.cpp:16:6:void gpio_init()	16	static
../Src/main.cpp:45:2:Button::Button(uint8_t)	16	static
../Src/main.cpp:49:7:void Button::attach(Observer*)	16	static
../Src/main.cpp:56:10:uint8_t Button::read()	16	static
../Src/main.cpp:61:7:void Button::poll()	24	static
../Src/main.cpp:80:10:void Button::notify()	24	static
../Src/main.cpp:33:7:constexpr Observer::Observer()	16	static
../Src/main.cpp:94:2:greenLed::greenLed(uint8_t)	16	static
../Src/main.cpp:98:7:virtual void greenLed::onButtonPressed()	16	static
../Src/main.cpp:116:2:orangeLed::orangeLed(uint8_t)	16	static
../Src/main.cpp:120:7:virtual void orangeLed::onButtonPressed()	16	static
../Src/main.cpp:138:2:redLed::redLed(uint8_t)	16	static
../Src/main.cpp:142:7:virtual void redLed::onButtonPressed()	16	static
../Src/main.cpp:160:2:blueLed::blueLed(uint8_t)	16	static
../Src/main.cpp:164:7:virtual void blueLed::onButtonPressed()	16	static
../Src/main.cpp:179:5:int main()	88	static
